// Jest Snapshot v1, https://goo.gl/fbAQLP

exports[`contract should deploy correctly 1`] = `[]`;

exports[`contract should deploy correctly 2`] = `[]`;
